
===========================================================================
 report_power
============================================================================
======================= Fastest Corner ===================================

Group                  Internal  Switching    Leakage      Total
                          Power      Power      Power      Power (Watts)
----------------------------------------------------------------
Sequential             0.00e+00   0.00e+00   0.00e+00   0.00e+00   0.0%
Combinational          1.19e-04   3.52e-04   3.62e-09   4.71e-04 100.0%
Clock                 -5.71e-10   0.00e+00   1.20e-09   6.32e-10   0.0%
Macro                  0.00e+00   0.00e+00   0.00e+00   0.00e+00   0.0%
Pad                    0.00e+00   0.00e+00   0.00e+00   0.00e+00   0.0%
----------------------------------------------------------------
Total                  1.19e-04   3.52e-04   4.82e-09   4.71e-04 100.0%
                          25.3%      74.7%       0.0%

======================= Slowest Corner ===================================

Group                  Internal  Switching    Leakage      Total
                          Power      Power      Power      Power (Watts)
----------------------------------------------------------------
Sequential             0.00e+00   0.00e+00   0.00e+00   0.00e+00   0.0%
Combinational          8.75e-05   2.36e-04   1.83e-06   3.25e-04 100.0%
Clock                 -2.46e-10   0.00e+00   1.23e-09   9.79e-10   0.0%
Macro                  0.00e+00   0.00e+00   0.00e+00   0.00e+00   0.0%
Pad                    0.00e+00   0.00e+00   0.00e+00   0.00e+00   0.0%
----------------------------------------------------------------
Total                  8.75e-05   2.36e-04   1.84e-06   3.25e-04 100.0%
                          26.9%      72.5%       0.6%

======================= Typical Corner ===================================

Group                  Internal  Switching    Leakage      Total
                          Power      Power      Power      Power (Watts)
----------------------------------------------------------------
Sequential             0.00e+00   0.00e+00   0.00e+00   0.00e+00   0.0%
Combinational          1.08e-04   2.99e-04   1.43e-09   4.07e-04 100.0%
Clock                 -2.53e-10   0.00e+00   1.20e-09   9.49e-10   0.0%
Macro                  0.00e+00   0.00e+00   0.00e+00   0.00e+00   0.0%
Pad                    0.00e+00   0.00e+00   0.00e+00   0.00e+00   0.0%
----------------------------------------------------------------
Total                  1.08e-04   2.99e-04   2.63e-09   4.07e-04 100.0%
                          26.5%      73.5%       0.0%

