
===========================================================================
 report_power
============================================================================
======================= Fastest Corner ===================================

Group                  Internal  Switching    Leakage      Total
                          Power      Power      Power      Power (Watts)
----------------------------------------------------------------
Sequential             1.51e-04   0.00e+00   3.08e-08   1.51e-04  44.9%
Combinational          3.39e-14   1.74e-13   1.09e-09   1.09e-09   0.0%
Clock                  1.04e-04   8.09e-05   1.50e-09   1.85e-04  55.1%
Macro                  0.00e+00   0.00e+00   0.00e+00   0.00e+00   0.0%
Pad                    0.00e+00   0.00e+00   0.00e+00   0.00e+00   0.0%
----------------------------------------------------------------
Total                  2.54e-04   8.09e-05   3.34e-08   3.35e-04 100.0%
                          75.9%      24.1%       0.0%

======================= Slowest Corner ===================================

Group                  Internal  Switching    Leakage      Total
                          Power      Power      Power      Power (Watts)
----------------------------------------------------------------
Sequential             9.91e-05   0.00e+00   6.24e-07   9.97e-05  43.7%
Combinational          2.36e-14   1.16e-13   8.90e-07   8.90e-07   0.4%
Clock                  7.46e-05   5.31e-05   1.10e-07   1.28e-04  56.0%
Macro                  0.00e+00   0.00e+00   0.00e+00   0.00e+00   0.0%
Pad                    0.00e+00   0.00e+00   0.00e+00   0.00e+00   0.0%
----------------------------------------------------------------
Total                  1.74e-04   5.31e-05   1.62e-06   2.28e-04 100.0%
                          76.0%      23.2%       0.7%

======================= Typical Corner ===================================

Group                  Internal  Switching    Leakage      Total
                          Power      Power      Power      Power (Watts)
----------------------------------------------------------------
Sequential             1.29e-04   0.00e+00   3.04e-08   1.29e-04  44.9%
Combinational          2.89e-14   1.48e-13   7.36e-10   7.36e-10   0.0%
Clock                  9.08e-05   6.81e-05   1.23e-09   1.59e-04  55.1%
Macro                  0.00e+00   0.00e+00   0.00e+00   0.00e+00   0.0%
Pad                    0.00e+00   0.00e+00   0.00e+00   0.00e+00   0.0%
----------------------------------------------------------------
Total                  2.20e-04   6.81e-05   3.23e-08   2.88e-04 100.0%
                          76.4%      23.6%       0.0%

