
===========================================================================
report_checks -path_delay max (Setup)
============================================================================
======================= Typical Corner ===================================

Startpoint: B[1] (input port clocked by __VIRTUAL_CLK__)
Endpoint: out[7] (output port clocked by __VIRTUAL_CLK__)
Path Group: __VIRTUAL_CLK__
Path Type: max

Fanout     Cap    Slew   Delay    Time   Description
-----------------------------------------------------------------------------
                  0.00    0.00    0.00   clock __VIRTUAL_CLK__ (rise edge)
                          0.00    0.00   clock network delay (ideal)
                          2.00    2.00 v input external delay
     1    0.01    0.02    0.01    2.01 v B[1] (in)
                                         B[1] (net)
                  0.02    0.00    2.01 v input10/A (sky130_fd_sc_hd__buf_8)
     5    0.03    0.04    0.12    2.13 v input10/X (sky130_fd_sc_hd__buf_8)
                                         net10 (net)
                  0.04    0.00    2.13 v _266_/A (sky130_fd_sc_hd__buf_12)
     5    0.02    0.03    0.13    2.26 v _266_/X (sky130_fd_sc_hd__buf_12)
                                         _196_ (net)
                  0.03    0.00    2.26 v _383_/A2 (sky130_fd_sc_hd__a22o_4)
     2    0.01    0.05    0.27    2.53 v _383_/X (sky130_fd_sc_hd__a22o_4)
                                         _061_ (net)
                  0.05    0.00    2.53 v _385_/A1 (sky130_fd_sc_hd__a21o_1)
     2    0.01    0.05    0.18    2.71 v _385_/X (sky130_fd_sc_hd__a21o_1)
                                         _063_ (net)
                  0.05    0.00    2.71 v rebuffer20/A (sky130_fd_sc_hd__clkbuf_1)
     1    0.01    0.04    0.11    2.82 v rebuffer20/X (sky130_fd_sc_hd__clkbuf_1)
                                         net48 (net)
                  0.04    0.00    2.82 v _389_/A1 (sky130_fd_sc_hd__a21o_4)
     3    0.01    0.04    0.21    3.03 v _389_/X (sky130_fd_sc_hd__a21o_4)
                                         _067_ (net)
                  0.04    0.00    3.03 v _395_/A1 (sky130_fd_sc_hd__a21o_4)
     3    0.01    0.04    0.21    3.25 v _395_/X (sky130_fd_sc_hd__a21o_4)
                                         _073_ (net)
                  0.04    0.00    3.25 v _398_/C (sky130_fd_sc_hd__and3_1)
     2    0.01    0.06    0.20    3.45 v _398_/X (sky130_fd_sc_hd__and3_1)
                                         _076_ (net)
                  0.06    0.00    3.45 v _401_/C (sky130_fd_sc_hd__or3_4)
     3    0.01    0.08    0.36    3.81 v _401_/X (sky130_fd_sc_hd__or3_4)
                                         _079_ (net)
                  0.08    0.00    3.81 v _465_/A1 (sky130_fd_sc_hd__a211o_4)
     2    0.01    0.05    0.35    4.16 v _465_/X (sky130_fd_sc_hd__a211o_4)
                                         _141_ (net)
                  0.05    0.00    4.16 v _494_/C (sky130_fd_sc_hd__or3_4)
     2    0.01    0.07    0.35    4.51 v _494_/X (sky130_fd_sc_hd__or3_4)
                                         _170_ (net)
                  0.07    0.00    4.51 v _496_/A (sky130_fd_sc_hd__and3_1)
     1    0.00    0.04    0.16    4.68 v _496_/X (sky130_fd_sc_hd__and3_1)
                                         _172_ (net)
                  0.04    0.00    4.68 v _498_/A2 (sky130_fd_sc_hd__o21a_1)
     1    0.00    0.04    0.18    4.85 v _498_/X (sky130_fd_sc_hd__o21a_1)
                                         _174_ (net)
                  0.04    0.00    4.85 v _503_/A3 (sky130_fd_sc_hd__o32a_4)
     1    0.01    0.06    0.32    5.18 v _503_/X (sky130_fd_sc_hd__o32a_4)
                                         net27 (net)
                  0.06    0.00    5.18 v output27/A (sky130_fd_sc_hd__buf_8)
     1    0.03    0.04    0.15    5.32 v output27/X (sky130_fd_sc_hd__buf_8)
                                         out[7] (net)
                  0.04    0.00    5.32 v out[7] (out)
                                  5.32   data arrival time

                  0.00   10.00   10.00   clock __VIRTUAL_CLK__ (rise edge)
                          0.00   10.00   clock network delay (ideal)
                         -0.25    9.75   clock uncertainty
                          0.00    9.75   clock reconvergence pessimism
                         -2.00    7.75   output external delay
                                  7.75   data required time
-----------------------------------------------------------------------------
                                  7.75   data required time
                                 -5.32   data arrival time
-----------------------------------------------------------------------------
                                  2.43   slack (MET)


Startpoint: B[1] (input port clocked by __VIRTUAL_CLK__)
Endpoint: out[6] (output port clocked by __VIRTUAL_CLK__)
Path Group: __VIRTUAL_CLK__
Path Type: max

Fanout     Cap    Slew   Delay    Time   Description
-----------------------------------------------------------------------------
                  0.00    0.00    0.00   clock __VIRTUAL_CLK__ (rise edge)
                          0.00    0.00   clock network delay (ideal)
                          2.00    2.00 v input external delay
     1    0.01    0.02    0.01    2.01 v B[1] (in)
                                         B[1] (net)
                  0.02    0.00    2.01 v input10/A (sky130_fd_sc_hd__buf_8)
     5    0.03    0.04    0.12    2.13 v input10/X (sky130_fd_sc_hd__buf_8)
                                         net10 (net)
                  0.04    0.00    2.13 v _266_/A (sky130_fd_sc_hd__buf_12)
     5    0.02    0.03    0.13    2.26 v _266_/X (sky130_fd_sc_hd__buf_12)
                                         _196_ (net)
                  0.03    0.00    2.26 v _383_/A2 (sky130_fd_sc_hd__a22o_4)
     2    0.01    0.05    0.27    2.53 v _383_/X (sky130_fd_sc_hd__a22o_4)
                                         _061_ (net)
                  0.05    0.00    2.53 v _385_/A1 (sky130_fd_sc_hd__a21o_1)
     2    0.01    0.05    0.18    2.71 v _385_/X (sky130_fd_sc_hd__a21o_1)
                                         _063_ (net)
                  0.05    0.00    2.71 v rebuffer20/A (sky130_fd_sc_hd__clkbuf_1)
     1    0.01    0.04    0.11    2.82 v rebuffer20/X (sky130_fd_sc_hd__clkbuf_1)
                                         net48 (net)
                  0.04    0.00    2.82 v _389_/A1 (sky130_fd_sc_hd__a21o_4)
     3    0.01    0.04    0.21    3.03 v _389_/X (sky130_fd_sc_hd__a21o_4)
                                         _067_ (net)
                  0.04    0.00    3.03 v _395_/A1 (sky130_fd_sc_hd__a21o_4)
     3    0.01    0.04    0.21    3.25 v _395_/X (sky130_fd_sc_hd__a21o_4)
                                         _073_ (net)
                  0.04    0.00    3.25 v _398_/C (sky130_fd_sc_hd__and3_1)
     2    0.01    0.06    0.20    3.45 v _398_/X (sky130_fd_sc_hd__and3_1)
                                         _076_ (net)
                  0.06    0.00    3.45 v _401_/C (sky130_fd_sc_hd__or3_4)
     3    0.01    0.08    0.36    3.81 v _401_/X (sky130_fd_sc_hd__or3_4)
                                         _079_ (net)
                  0.08    0.00    3.81 v rebuffer4/A (sky130_fd_sc_hd__clkbuf_2)
     2    0.01    0.06    0.16    3.97 v rebuffer4/X (sky130_fd_sc_hd__clkbuf_2)
                                         net32 (net)
                  0.06    0.00    3.97 v _437_/C1 (sky130_fd_sc_hd__o211a_4)
     2    0.01    0.05    0.16    4.12 v _437_/X (sky130_fd_sc_hd__o211a_4)
                                         _114_ (net)
                  0.05    0.00    4.12 v _439_/B (sky130_fd_sc_hd__or2_1)
     1    0.00    0.05    0.22    4.34 v _439_/X (sky130_fd_sc_hd__or2_1)
                                         _116_ (net)
                  0.05    0.00    4.34 v _440_/A2 (sky130_fd_sc_hd__a21bo_1)
     1    0.00    0.03    0.19    4.53 v _440_/X (sky130_fd_sc_hd__a21bo_1)
                                         _117_ (net)
                  0.03    0.00    4.53 v _441_/B (sky130_fd_sc_hd__or2_1)
     1    0.01    0.08    0.25    4.78 v _441_/X (sky130_fd_sc_hd__or2_1)
                                         _118_ (net)
                  0.08    0.00    4.78 v _453_/B2 (sky130_fd_sc_hd__a22oi_2)
     1    0.01    0.23    0.24    5.02 ^ _453_/Y (sky130_fd_sc_hd__a22oi_2)
                                         net26 (net)
                  0.23    0.00    5.02 ^ output26/A (sky130_fd_sc_hd__buf_6)
     1    0.03    0.08    0.18    5.21 ^ output26/X (sky130_fd_sc_hd__buf_6)
                                         out[6] (net)
                  0.08    0.00    5.21 ^ out[6] (out)
                                  5.21   data arrival time

                  0.00   10.00   10.00   clock __VIRTUAL_CLK__ (rise edge)
                          0.00   10.00   clock network delay (ideal)
                         -0.25    9.75   clock uncertainty
                          0.00    9.75   clock reconvergence pessimism
                         -2.00    7.75   output external delay
                                  7.75   data required time
-----------------------------------------------------------------------------
                                  7.75   data required time
                                 -5.21   data arrival time
-----------------------------------------------------------------------------
                                  2.54   slack (MET)


Startpoint: B[1] (input port clocked by __VIRTUAL_CLK__)
Endpoint: out[5] (output port clocked by __VIRTUAL_CLK__)
Path Group: __VIRTUAL_CLK__
Path Type: max

Fanout     Cap    Slew   Delay    Time   Description
-----------------------------------------------------------------------------
                  0.00    0.00    0.00   clock __VIRTUAL_CLK__ (rise edge)
                          0.00    0.00   clock network delay (ideal)
                          2.00    2.00 v input external delay
     1    0.01    0.02    0.01    2.01 v B[1] (in)
                                         B[1] (net)
                  0.02    0.00    2.01 v input10/A (sky130_fd_sc_hd__buf_8)
     5    0.03    0.04    0.12    2.13 v input10/X (sky130_fd_sc_hd__buf_8)
                                         net10 (net)
                  0.04    0.00    2.13 v _266_/A (sky130_fd_sc_hd__buf_12)
     5    0.02    0.03    0.13    2.26 v _266_/X (sky130_fd_sc_hd__buf_12)
                                         _196_ (net)
                  0.03    0.00    2.26 v _383_/A2 (sky130_fd_sc_hd__a22o_4)
     2    0.01    0.05    0.27    2.53 v _383_/X (sky130_fd_sc_hd__a22o_4)
                                         _061_ (net)
                  0.05    0.00    2.53 v _385_/A1 (sky130_fd_sc_hd__a21o_1)
     2    0.01    0.05    0.18    2.71 v _385_/X (sky130_fd_sc_hd__a21o_1)
                                         _063_ (net)
                  0.05    0.00    2.71 v rebuffer20/A (sky130_fd_sc_hd__clkbuf_1)
     1    0.01    0.04    0.11    2.82 v rebuffer20/X (sky130_fd_sc_hd__clkbuf_1)
                                         net48 (net)
                  0.04    0.00    2.82 v _389_/A1 (sky130_fd_sc_hd__a21o_4)
     3    0.01    0.04    0.21    3.03 v _389_/X (sky130_fd_sc_hd__a21o_4)
                                         _067_ (net)
                  0.04    0.00    3.03 v _395_/A1 (sky130_fd_sc_hd__a21o_4)
     3    0.01    0.04    0.21    3.25 v _395_/X (sky130_fd_sc_hd__a21o_4)
                                         _073_ (net)
                  0.04    0.00    3.25 v _398_/C (sky130_fd_sc_hd__and3_1)
     2    0.01    0.06    0.20    3.45 v _398_/X (sky130_fd_sc_hd__and3_1)
                                         _076_ (net)
                  0.06    0.00    3.45 v _401_/C (sky130_fd_sc_hd__or3_4)
     3    0.01    0.08    0.36    3.81 v _401_/X (sky130_fd_sc_hd__or3_4)
                                         _079_ (net)
                  0.08    0.00    3.81 v rebuffer4/A (sky130_fd_sc_hd__clkbuf_2)
     2    0.01    0.06    0.16    3.97 v rebuffer4/X (sky130_fd_sc_hd__clkbuf_2)
                                         net32 (net)
                  0.06    0.00    3.97 v _402_/B (sky130_fd_sc_hd__nand2_2)
     3    0.01    0.09    0.11    4.08 ^ _402_/Y (sky130_fd_sc_hd__nand2_2)
                                         _080_ (net)
                  0.09    0.00    4.08 ^ _404_/C (sky130_fd_sc_hd__nand3_1)
     1    0.00    0.07    0.10    4.18 v _404_/Y (sky130_fd_sc_hd__nand3_1)
                                         _082_ (net)
                  0.07    0.00    4.18 v _408_/A3 (sky130_fd_sc_hd__a31o_1)
     1    0.00    0.04    0.24    4.42 v _408_/X (sky130_fd_sc_hd__a31o_1)
                                         _086_ (net)
                  0.04    0.00    4.42 v _409_/B1 (sky130_fd_sc_hd__a21oi_1)
     1    0.00    0.12    0.13    4.55 ^ _409_/Y (sky130_fd_sc_hd__a21oi_1)
                                         _087_ (net)
                  0.12    0.00    4.55 ^ _410_/B1 (sky130_fd_sc_hd__a21oi_1)
     1    0.01    0.06    0.07    4.62 v _410_/Y (sky130_fd_sc_hd__a21oi_1)
                                         net25 (net)
                  0.06    0.00    4.62 v output25/A (sky130_fd_sc_hd__buf_2)
     1    0.04    0.09    0.20    4.82 v output25/X (sky130_fd_sc_hd__buf_2)
                                         out[5] (net)
                  0.09    0.00    4.82 v out[5] (out)
                                  4.82   data arrival time

                  0.00   10.00   10.00   clock __VIRTUAL_CLK__ (rise edge)
                          0.00   10.00   clock network delay (ideal)
                         -0.25    9.75   clock uncertainty
                          0.00    9.75   clock reconvergence pessimism
                         -2.00    7.75   output external delay
                                  7.75   data required time
-----------------------------------------------------------------------------
                                  7.75   data required time
                                 -4.82   data arrival time
-----------------------------------------------------------------------------
                                  2.93   slack (MET)


Startpoint: A[4] (input port clocked by __VIRTUAL_CLK__)
Endpoint: out[4] (output port clocked by __VIRTUAL_CLK__)
Path Group: __VIRTUAL_CLK__
Path Type: max

Fanout     Cap    Slew   Delay    Time   Description
-----------------------------------------------------------------------------
                  0.00    0.00    0.00   clock __VIRTUAL_CLK__ (rise edge)
                          0.00    0.00   clock network delay (ideal)
                          2.00    2.00 v input external delay
     1    0.01    0.02    0.01    2.01 v A[4] (in)
                                         A[4] (net)
                  0.02    0.00    2.01 v input5/A (sky130_fd_sc_hd__buf_6)
     4    0.02    0.04    0.12    2.13 v input5/X (sky130_fd_sc_hd__buf_6)
                                         net5 (net)
                  0.04    0.00    2.13 v _347_/D (sky130_fd_sc_hd__and4_1)
     3    0.01    0.06    0.22    2.35 v _347_/X (sky130_fd_sc_hd__and4_1)
                                         _026_ (net)
                  0.06    0.00    2.35 v _349_/C (sky130_fd_sc_hd__or3_4)
     2    0.00    0.07    0.34    2.70 v _349_/X (sky130_fd_sc_hd__or3_4)
                                         _028_ (net)
                  0.07    0.00    2.70 v _352_/B (sky130_fd_sc_hd__and3_4)
     2    0.02    0.05    0.21    2.90 v _352_/X (sky130_fd_sc_hd__and3_4)
                                         _031_ (net)
                  0.05    0.00    2.90 v rebuffer18/A (sky130_fd_sc_hd__dlymetal6s2s_1)
     1    0.01    0.05    0.15    3.06 v rebuffer18/X (sky130_fd_sc_hd__dlymetal6s2s_1)
                                         net46 (net)
                  0.05    0.00    3.06 v _354_/A (sky130_fd_sc_hd__or2b_4)
     1    0.02    0.07    0.30    3.35 v _354_/X (sky130_fd_sc_hd__or2b_4)
                                         _033_ (net)
                  0.07    0.00    3.36 v _355_/A (sky130_fd_sc_hd__xnor2_4)
     2    0.01    0.06    0.16    3.52 v _355_/Y (sky130_fd_sc_hd__xnor2_4)
                                         _034_ (net)
                  0.06    0.00    3.52 v _357_/A (sky130_fd_sc_hd__or2_4)
     2    0.01    0.06    0.28    3.79 v _357_/X (sky130_fd_sc_hd__or2_4)
                                         _036_ (net)
                  0.06    0.00    3.79 v _358_/A2 (sky130_fd_sc_hd__a21bo_1)
     1    0.01    0.06    0.22    4.02 v _358_/X (sky130_fd_sc_hd__a21bo_1)
                                         _037_ (net)
                  0.06    0.00    4.02 v _360_/B (sky130_fd_sc_hd__and3_1)
     1    0.00    0.03    0.16    4.18 v _360_/X (sky130_fd_sc_hd__and3_1)
                                         _039_ (net)
                  0.03    0.00    4.18 v _373_/B1 (sky130_fd_sc_hd__o2bb2a_1)
     1    0.00    0.05    0.28    4.46 v _373_/X (sky130_fd_sc_hd__o2bb2a_1)
                                         net24 (net)
                  0.05    0.00    4.46 v output24/A (sky130_fd_sc_hd__buf_2)
     1    0.04    0.09    0.19    4.65 v output24/X (sky130_fd_sc_hd__buf_2)
                                         out[4] (net)
                  0.09    0.00    4.66 v out[4] (out)
                                  4.66   data arrival time

                  0.00   10.00   10.00   clock __VIRTUAL_CLK__ (rise edge)
                          0.00   10.00   clock network delay (ideal)
                         -0.25    9.75   clock uncertainty
                          0.00    9.75   clock reconvergence pessimism
                         -2.00    7.75   output external delay
                                  7.75   data required time
-----------------------------------------------------------------------------
                                  7.75   data required time
                                 -4.66   data arrival time
-----------------------------------------------------------------------------
                                  3.09   slack (MET)


Startpoint: opcode[0] (input port clocked by __VIRTUAL_CLK__)
Endpoint: out[2] (output port clocked by __VIRTUAL_CLK__)
Path Group: __VIRTUAL_CLK__
Path Type: max

Fanout     Cap    Slew   Delay    Time   Description
-----------------------------------------------------------------------------
                  0.00    0.00    0.00   clock __VIRTUAL_CLK__ (rise edge)
                          0.00    0.00   clock network delay (ideal)
                          2.00    2.00 ^ input external delay
     1    0.00    0.02    0.01    2.01 ^ opcode[0] (in)
                                         opcode[0] (net)
                  0.02    0.00    2.01 ^ input17/A (sky130_fd_sc_hd__buf_2)
     5    0.02    0.09    0.13    2.14 ^ input17/X (sky130_fd_sc_hd__buf_2)
                                         net17 (net)
                  0.09    0.00    2.14 ^ _275_/A_N (sky130_fd_sc_hd__nand3b_4)
     7    0.03    0.13    0.20    2.34 ^ _275_/Y (sky130_fd_sc_hd__nand3b_4)
                                         _205_ (net)
                  0.13    0.00    2.34 ^ rebuffer9/A (sky130_fd_sc_hd__dlymetal6s2s_1)
     3    0.01    0.12    0.17    2.52 ^ rebuffer9/X (sky130_fd_sc_hd__dlymetal6s2s_1)
                                         net37 (net)
                  0.12    0.00    2.52 ^ _276_/A2 (sky130_fd_sc_hd__a21oi_2)
     2    0.02    0.08    0.11    2.62 v _276_/Y (sky130_fd_sc_hd__a21oi_2)
                                         _206_ (net)
                  0.08    0.00    2.62 v _279_/B (sky130_fd_sc_hd__or3_4)
     2    0.00    0.06    0.39    3.01 v _279_/X (sky130_fd_sc_hd__or3_4)
                                         _209_ (net)
                  0.06    0.00    3.01 v _301_/A1 (sky130_fd_sc_hd__a21o_1)
     2    0.01    0.06    0.20    3.21 v _301_/X (sky130_fd_sc_hd__a21o_1)
                                         _230_ (net)
                  0.06    0.00    3.21 v rebuffer11/A (sky130_fd_sc_hd__dlygate4sd1_1)
     2    0.01    0.04    0.26    3.47 v rebuffer11/X (sky130_fd_sc_hd__dlygate4sd1_1)
                                         net39 (net)
                  0.04    0.00    3.47 v _303_/A2 (sky130_fd_sc_hd__o21a_1)
     1    0.01    0.08    0.22    3.68 v _303_/X (sky130_fd_sc_hd__o21a_1)
                                         _232_ (net)
                  0.08    0.00    3.68 v _308_/A2 (sky130_fd_sc_hd__a211o_1)
     1    0.00    0.04    0.30    3.98 v _308_/X (sky130_fd_sc_hd__a211o_1)
                                         _237_ (net)
                  0.04    0.00    3.98 v _309_/B2 (sky130_fd_sc_hd__o2bb2a_1)
     1    0.01    0.08    0.33    4.31 v _309_/X (sky130_fd_sc_hd__o2bb2a_1)
                                         net22 (net)
                  0.08    0.00    4.31 v output22/A (sky130_fd_sc_hd__buf_2)
     1    0.03    0.09    0.21    4.52 v output22/X (sky130_fd_sc_hd__buf_2)
                                         out[2] (net)
                  0.09    0.00    4.52 v out[2] (out)
                                  4.52   data arrival time

                  0.00   10.00   10.00   clock __VIRTUAL_CLK__ (rise edge)
                          0.00   10.00   clock network delay (ideal)
                         -0.25    9.75   clock uncertainty
                          0.00    9.75   clock reconvergence pessimism
                         -2.00    7.75   output external delay
                                  7.75   data required time
-----------------------------------------------------------------------------
                                  7.75   data required time
                                 -4.52   data arrival time
-----------------------------------------------------------------------------
                                  3.23   slack (MET)


Startpoint: B[2] (input port clocked by __VIRTUAL_CLK__)
Endpoint: out[3] (output port clocked by __VIRTUAL_CLK__)
Path Group: __VIRTUAL_CLK__
Path Type: max

Fanout     Cap    Slew   Delay    Time   Description
-----------------------------------------------------------------------------
                  0.00    0.00    0.00   clock __VIRTUAL_CLK__ (rise edge)
                          0.00    0.00   clock network delay (ideal)
                          2.00    2.00 ^ input external delay
     1    0.00    0.02    0.01    2.01 ^ B[2] (in)
                                         B[2] (net)
                  0.02    0.00    2.01 ^ input11/A (sky130_fd_sc_hd__clkbuf_4)
     5    0.03    0.09    0.17    2.17 ^ input11/X (sky130_fd_sc_hd__clkbuf_4)
                                         net11 (net)
                  0.09    0.00    2.17 ^ _289_/A (sky130_fd_sc_hd__buf_8)
    10    0.05    0.09    0.15    2.33 ^ _289_/X (sky130_fd_sc_hd__buf_8)
                                         _218_ (net)
                  0.09    0.00    2.33 ^ _322_/B (sky130_fd_sc_hd__nand2_2)
     3    0.01    0.05    0.07    2.40 v _322_/Y (sky130_fd_sc_hd__nand2_2)
                                         _002_ (net)
                  0.05    0.00    2.40 v _325_/A (sky130_fd_sc_hd__or3_1)
     2    0.01    0.11    0.45    2.85 v _325_/X (sky130_fd_sc_hd__or3_1)
                                         _005_ (net)
                  0.11    0.00    2.85 v _330_/A1 (sky130_fd_sc_hd__a21o_1)
     2    0.01    0.07    0.23    3.08 v _330_/X (sky130_fd_sc_hd__a21o_1)
                                         _010_ (net)
                  0.07    0.00    3.08 v _331_/B (sky130_fd_sc_hd__and2b_1)
     1    0.01    0.06    0.20    3.28 v _331_/X (sky130_fd_sc_hd__and2b_1)
                                         _011_ (net)
                  0.06    0.00    3.28 v _332_/B (sky130_fd_sc_hd__xnor2_2)
     2    0.01    0.05    0.14    3.42 v _332_/Y (sky130_fd_sc_hd__xnor2_2)
                                         _012_ (net)
                  0.05    0.00    3.42 v _334_/B (sky130_fd_sc_hd__or2_1)
     1    0.00    0.05    0.21    3.63 v _334_/X (sky130_fd_sc_hd__or2_1)
                                         _014_ (net)
                  0.05    0.00    3.63 v _338_/A3 (sky130_fd_sc_hd__a31o_1)
     1    0.00    0.04    0.23    3.86 v _338_/X (sky130_fd_sc_hd__a31o_1)
                                         _018_ (net)
                  0.04    0.00    3.86 v _339_/B2 (sky130_fd_sc_hd__o2bb2a_1)
     1    0.01    0.07    0.31    4.17 v _339_/X (sky130_fd_sc_hd__o2bb2a_1)
                                         net23 (net)
                  0.07    0.00    4.17 v output23/A (sky130_fd_sc_hd__buf_2)
     1    0.03    0.09    0.20    4.37 v output23/X (sky130_fd_sc_hd__buf_2)
                                         out[3] (net)
                  0.09    0.00    4.37 v out[3] (out)
                                  4.37   data arrival time

                  0.00   10.00   10.00   clock __VIRTUAL_CLK__ (rise edge)
                          0.00   10.00   clock network delay (ideal)
                         -0.25    9.75   clock uncertainty
                          0.00    9.75   clock reconvergence pessimism
                         -2.00    7.75   output external delay
                                  7.75   data required time
-----------------------------------------------------------------------------
                                  7.75   data required time
                                 -4.37   data arrival time
-----------------------------------------------------------------------------
                                  3.38   slack (MET)


Startpoint: opcode[0] (input port clocked by __VIRTUAL_CLK__)
Endpoint: out[1] (output port clocked by __VIRTUAL_CLK__)
Path Group: __VIRTUAL_CLK__
Path Type: max

Fanout     Cap    Slew   Delay    Time   Description
-----------------------------------------------------------------------------
                  0.00    0.00    0.00   clock __VIRTUAL_CLK__ (rise edge)
                          0.00    0.00   clock network delay (ideal)
                          2.00    2.00 v input external delay
     1    0.00    0.01    0.00    2.00 v opcode[0] (in)
                                         opcode[0] (net)
                  0.01    0.00    2.00 v input17/A (sky130_fd_sc_hd__buf_2)
     5    0.01    0.05    0.13    2.14 v input17/X (sky130_fd_sc_hd__buf_2)
                                         net17 (net)
                  0.05    0.00    2.14 v _275_/A_N (sky130_fd_sc_hd__nand3b_4)
     7    0.03    0.13    0.22    2.36 v _275_/Y (sky130_fd_sc_hd__nand3b_4)
                                         _205_ (net)
                  0.13    0.00    2.36 v rebuffer9/A (sky130_fd_sc_hd__dlymetal6s2s_1)
     3    0.01    0.06    0.20    2.56 v rebuffer9/X (sky130_fd_sc_hd__dlymetal6s2s_1)
                                         net37 (net)
                  0.06    0.00    2.56 v _276_/A2 (sky130_fd_sc_hd__a21oi_2)
     2    0.02    0.22    0.24    2.80 ^ _276_/Y (sky130_fd_sc_hd__a21oi_2)
                                         _206_ (net)
                  0.22    0.00    2.81 ^ _279_/B (sky130_fd_sc_hd__or3_4)
     2    0.00    0.03    0.17    2.98 ^ _279_/X (sky130_fd_sc_hd__or3_4)
                                         _209_ (net)
                  0.03    0.00    2.98 ^ _280_/B_N (sky130_fd_sc_hd__or2b_1)
     1    0.01    0.07    0.26    3.24 v _280_/X (sky130_fd_sc_hd__or2b_1)
                                         _210_ (net)
                  0.07    0.00    3.24 v _281_/B (sky130_fd_sc_hd__xnor2_1)
     1    0.01    0.09    0.17    3.42 v _281_/Y (sky130_fd_sc_hd__xnor2_1)
                                         _211_ (net)
                  0.09    0.00    3.42 v _286_/A2 (sky130_fd_sc_hd__a211o_1)
     1    0.01    0.07    0.34    3.76 v _286_/X (sky130_fd_sc_hd__a211o_1)
                                         _216_ (net)
                  0.07    0.00    3.76 v _287_/B2 (sky130_fd_sc_hd__o2bb2a_1)
     1    0.01    0.09    0.34    4.10 v _287_/X (sky130_fd_sc_hd__o2bb2a_1)
                                         net21 (net)
                  0.09    0.00    4.10 v output21/A (sky130_fd_sc_hd__buf_2)
     1    0.03    0.09    0.21    4.31 v output21/X (sky130_fd_sc_hd__buf_2)
                                         out[1] (net)
                  0.09    0.00    4.31 v out[1] (out)
                                  4.31   data arrival time

                  0.00   10.00   10.00   clock __VIRTUAL_CLK__ (rise edge)
                          0.00   10.00   clock network delay (ideal)
                         -0.25    9.75   clock uncertainty
                          0.00    9.75   clock reconvergence pessimism
                         -2.00    7.75   output external delay
                                  7.75   data required time
-----------------------------------------------------------------------------
                                  7.75   data required time
                                 -4.31   data arrival time
-----------------------------------------------------------------------------
                                  3.44   slack (MET)


Startpoint: opcode[1] (input port clocked by __VIRTUAL_CLK__)
Endpoint: out[0] (output port clocked by __VIRTUAL_CLK__)
Path Group: __VIRTUAL_CLK__
Path Type: max

Fanout     Cap    Slew   Delay    Time   Description
-----------------------------------------------------------------------------
                  0.00    0.00    0.00   clock __VIRTUAL_CLK__ (rise edge)
                          0.00    0.00   clock network delay (ideal)
                          2.00    2.00 ^ input external delay
     1    0.00    0.02    0.01    2.01 ^ opcode[1] (in)
                                         opcode[1] (net)
                  0.02    0.00    2.01 ^ input18/A (sky130_fd_sc_hd__clkbuf_4)
     5    0.03    0.09    0.17    2.18 ^ input18/X (sky130_fd_sc_hd__clkbuf_4)
                                         net18 (net)
                  0.09    0.00    2.18 ^ _249_/B (sky130_fd_sc_hd__or2_4)
     5    0.02    0.08    0.16    2.35 ^ _249_/X (sky130_fd_sc_hd__or2_4)
                                         _180_ (net)
                  0.08    0.00    2.35 ^ _258_/B (sky130_fd_sc_hd__nor2_4)
     8    0.02    0.04    0.05    2.40 v _258_/Y (sky130_fd_sc_hd__nor2_4)
                                         _189_ (net)
                  0.04    0.00    2.40 v _260_/A1 (sky130_fd_sc_hd__o211a_1)
     1    0.01    0.06    0.24    2.64 v _260_/X (sky130_fd_sc_hd__o211a_1)
                                         _191_ (net)
                  0.06    0.00    2.64 v _261_/B1 (sky130_fd_sc_hd__a31o_1)
     1    0.00    0.04    0.20    2.84 v _261_/X (sky130_fd_sc_hd__a31o_1)
                                         _192_ (net)
                  0.04    0.00    2.84 v _262_/B2 (sky130_fd_sc_hd__a2bb2o_1)
     1    0.00    0.06    0.26    3.10 v _262_/X (sky130_fd_sc_hd__a2bb2o_1)
                                         net20 (net)
                  0.06    0.00    3.10 v output20/A (sky130_fd_sc_hd__buf_2)
     1    0.04    0.09    0.20    3.30 v output20/X (sky130_fd_sc_hd__buf_2)
                                         out[0] (net)
                  0.09    0.00    3.30 v out[0] (out)
                                  3.30   data arrival time

                  0.00   10.00   10.00   clock __VIRTUAL_CLK__ (rise edge)
                          0.00   10.00   clock network delay (ideal)
                         -0.25    9.75   clock uncertainty
                          0.00    9.75   clock reconvergence pessimism
                         -2.00    7.75   output external delay
                                  7.75   data required time
-----------------------------------------------------------------------------
                                  7.75   data required time
                                 -3.30   data arrival time
-----------------------------------------------------------------------------
                                  4.45   slack (MET)



worst slack corner Typical: 2.4276
